<html>
<body>
<pre>
<h1>µVision Build Log</h1>
<h2>Tool Versions:</h2>
IDE-Version: µVision V5.17.0.0
Copyright (C) 2015 ARM Ltd and ARM Germany GmbH. All rights reserved.
License Information: Sidney Primas, MIT, LIC=----
 
Tool Versions:
Toolchain:       MDK-Lite  Version: 5.17
Toolchain Path:  C:\Keil_v5\ARM\ARMCC\Bin
C Compiler:      Armcc.exe V5.06 update 1 (build 61)
Assembler:       Armasm.exe V5.06 update 1 (build 61)
Linker/Locator:  ArmLink.exe V5.06 update 1 (build 61)
Library Manager: ArmAr.exe V5.06 update 1 (build 61)
Hex Converter:   FromElf.exe V5.06 update 1 (build 61)
CPU DLL:         SARMCM3.DLL V5.17
Dialog DLL:      DARMCM1.DLL V1.12.0.0
Target DLL:      Segger\JL2CM3.dll V2.99.16.0
Dialog DLL:      TARMCM1.DLL V1.9.0.0
 
<h2>Project:</h2>
C:\Users\sprimas\Documents\nrf51_code_base\projects\urine_prototype_app\arm\urine_proto_app.uvprojx
Project File Date:  01/28/2016

<h2>Output:</h2>
*** Using Compiler 'V5.06 update 1 (build 61)', folder: 'C:\Keil_v5\ARM\ARMCC\Bin'
Rebuild target 'nrf51822_xxaa (256K)'
creating preprocessor file for main.c...
creating preprocessor file for ltc2492_driver.c...
creating preprocessor file for uart_communication.c...
compiling uart_communication.c...
creating preprocessor file for nrf_delay.c...
compiling main.c...
creating preprocessor file for nrf_soc.c...
compiling ltc2492_driver.c...
..\ltc2492_driver.c(64): warning:  #68-D: integer conversion resulted in a change of sign
  		measured_value = -1*(((~output_data & 
TC2492_OUTPUT_VALUE_MASK ) >> 5));
..\ltc2492_driver.c: 1 warning, 0 errors
compiling nrf_delay.c...
creating preprocessor file for custom_spi_master.c...
creating preprocessor file for custom_simple_uart.c...
compiling nrf_soc.c...
assembling arm_startup_nrf51.s...
creating preprocessor file for system_nrf51.c...
compiling custom_spi_master.c...
compiling custom_simple_uart.c...
compiling system_nrf51.c...
linking...
Program Size: Code=2092 RO-data=224 RW-data=12 ZI-data=4196  
FromELF: creating hex file...
".\_build\spi_master_example_arm.axf" - 0 Error(s), 1 Warning(s).

<h2>Software Packages used:</h2>

Package Vendor: ARM
                http://www.keil.com/pack/ARM.CMSIS.4.5.0.pack
                ARM::CMSIS:CORE:4.3.0
                CMSIS (Cortex Microcontroller Software Interface Standard)
   * Component: CORE Version: 4.3.0

Package Vendor: NordicSemiconductor
                http://www.keil.com/pack/NordicSemiconductor.nRF_DeviceFamilyPack.1.1.1.pack
                NordicSemiconductor::Device:Startup:1.0.0
                Nordic Semiconductor nRF ARM devices Device Family Pack.
   * Component: Startup Version: 1.0.0

<h2>Collection of Component include folders:</h2>
  C:\Users\sprimas\Documents\nrf51_code_base\projects\urine_prototype_app\arm\RTE
  C:\Keil_v5\ARM\PACK\ARM\CMSIS\4.5.0\CMSIS\Include
  C:\Keil_v5\ARM\PACK\NordicSemiconductor\nRF_DeviceFamilyPack\1.1.1\Device\Include

<h2>Collection of Component Files used:</h2>

   * Component: ARM::CMSIS:CORE:4.3.0

   * Component: NordicSemiconductor::Device:Startup:1.0.0
      Source file:   Device\Source\arm\arm_startup_nrf51.s
      Source file:   Device\Source\system_nrf51.c
      Include file:  Device\Include\system_nrf51.h
Build Time Elapsed:  00:00:01
</pre>
</body>
</html>
